{
  "Label": null,
  "Path": null,
  "Data": {
    "firstAccount": {
      "id": "QWNjb3VudApkMw==",
      "userID": "VXNlcgpkNA==",
      "roleID": "Um9sZQpkNQ==",
      "tenantID": "VGVuYW50CmQ2"
    }
  },
  "Errors": null,
  "Extensions": null,
  "ContextData": null,
  "HasNext": null
}
