{
  "Label": null,
  "Path": null,
  "Data": {
    "firstAccount": {
      "id": "QWNjb3VudApkMQ==",
      "userID": "VXNlcgpkMg==",
      "roleID": "Um9sZQpkMw==",
      "tenantID": "VGVuYW50CmQ0"
    }
  },
  "Errors": null,
  "Extensions": null,
  "ContextData": null,
  "HasNext": null
}
