{
  "Label": null,
  "Path": null,
  "Data": {
    "uniqueRole": {
      "id": "Um9sZQpkMw==",
      "name": "Name3",
      "tenantID": "VGVuYW50CmQ1"
    }
  },
  "Errors": null,
  "Extensions": null,
  "ContextData": null,
  "HasNext": null
}
