{
  "Label": null,
  "Path": null,
  "Data": {
    "uniqueRole": {
      "id": "Um9sZQpkMQ==",
      "name": "Name1",
      "tenantID": "VGVuYW50CmQz"
    }
  },
  "Errors": null,
  "Extensions": null,
  "ContextData": null,
  "HasNext": null
}
