{
  "Label": null,
  "Path": null,
  "Data": {
    "firstRole": {
      "id": "Um9sZQpkMg==",
      "name": "Name2",
      "tenantID": "VGVuYW50CmQ0"
    }
  },
  "Errors": null,
  "Extensions": null,
  "ContextData": null,
  "HasNext": null
}
