{
  "Label": null,
  "Path": null,
  "Data": {
    "users": {
      "nodes": [
        {
          "id": "VXNlcgpkMQ==",
          "firstName": "FirstName1",
          "lastName": "FirstName1",
          "email": "Email1",
          "phone": "Phone1"
        },
        {
          "id": "VXNlcgpkMg==",
          "firstName": "FirstName2",
          "lastName": "FirstName2",
          "email": "Email2",
          "phone": "Phone2"
        },
        {
          "id": "VXNlcgpkMw==",
          "firstName": "FirstName3",
          "lastName": "FirstName3",
          "email": "Email3",
          "phone": "Phone3"
        }
      ]
    }
  },
  "Errors": null,
  "Extensions": null,
  "ContextData": null,
  "HasNext": null
}
